AR myclock behavioral C:/Users/deeks/Desktop/VHDL/ExampleAlarm/myclock.vhd sub00/vhpl01 1500426307
EN top NULL C:/Users/deeks/Desktop/VHDL/ExampleAlarm/TOP.vhd sub00/vhpl04 1500426310
EN codechecker NULL C:/Users/deeks/Desktop/VHDL/ExampleAlarm/codechecker.vhd sub00/vhpl02 1500426308
EN myclock NULL C:/Users/deeks/Desktop/VHDL/ExampleAlarm/myclock.vhd sub00/vhpl00 1500426306
AR codechecker behavioral C:/Users/deeks/Desktop/VHDL/ExampleAlarm/codechecker.vhd sub00/vhpl03 1500426309
AR top behavioral C:/Users/deeks/Desktop/VHDL/ExampleAlarm/TOP.vhd sub00/vhpl05 1500426311
