V3 18
FL C:/Course/ExampleAlarm/codechecker.vhd 2015/05/29.16:29:25 P.20131013
FL C:/Course/ExampleAlarm/myclock.vhd 2015/06/16.17:15:01 P.20131013
FL C:/Course/ExampleAlarm/TOP.vhd 2015/06/16.14:56:31 P.20131013
FL C:/Users/deeks/Desktop/VHDL/ExampleAlarm/codechecker.vhd 2017/07/18.18:03:31 P.20131013
EN work/codechecker 1500426308 \
      FL C:/Users/deeks/Desktop/VHDL/ExampleAlarm/codechecker.vhd \
      PB ieee/std_logic_1164 1381692176
AR work/codechecker/Behavioral 1500426309 \
      FL C:/Users/deeks/Desktop/VHDL/ExampleAlarm/codechecker.vhd \
      EN work/codechecker 1500426308
FL C:/Users/deeks/Desktop/VHDL/ExampleAlarm/myclock.vhd 2015/06/16.17:15:02 P.20131013
EN work/myclock 1500426306 \
      FL C:/Users/deeks/Desktop/VHDL/ExampleAlarm/myclock.vhd \
      PB ieee/std_logic_1164 1381692176 PB ieee/NUMERIC_STD 1381692181 LB UNISIM \
      PH unisim/VCOMPONENTS 1381692182
AR work/myclock/BEHAVIORAL 1500426307 \
      FL C:/Users/deeks/Desktop/VHDL/ExampleAlarm/myclock.vhd EN work/myclock 1500426306 \
      CP IBUFG CP BUFG CP DCM_SP
FL C:/Users/deeks/Desktop/VHDL/ExampleAlarm/TOP.vhd 2017/07/18.18:03:54 P.20131013
EN work/TOP 1500426310 FL C:/Users/deeks/Desktop/VHDL/ExampleAlarm/TOP.vhd \
      PB ieee/std_logic_1164 1381692176
AR work/TOP/Behavioral 1500426311 \
      FL C:/Users/deeks/Desktop/VHDL/ExampleAlarm/TOP.vhd EN work/TOP 1500426310 \
      CP myclock CP codechecker
